// Vitest Snapshot v1, https://vitest.dev/guide/snapshot.html

exports[`SpreadsheetAnalyzer > SpreadsheetAnalyzer: analyzes file sample.csv (application/x-cfb) 1`] = `
{
  "columnCount": 5,
  "columns": [
    "ID",
    "Name",
    "Age",
    "Country",
    "Email",
  ],
  "hasFormulas": false,
  "rowCount": 6,
  "sheetCount": 1,
  "sheets": [
    {
      "columnCount": 5,
      "columns": [
        "ID",
        "Name",
        "Age",
        "Country",
        "Email",
      ],
      "name": "CSV",
      "rowCount": 6,
    },
  ],
}
`;

exports[`SpreadsheetAnalyzer > SpreadsheetAnalyzer: analyzes file sample.csv (null) 1`] = `
{
  "columnCount": 5,
  "columns": [
    "ID",
    "Name",
    "Age",
    "Country",
    "Email",
  ],
  "hasFormulas": false,
  "rowCount": 6,
  "sheetCount": 1,
  "sheets": [
    {
      "columnCount": 5,
      "columns": [
        "ID",
        "Name",
        "Age",
        "Country",
        "Email",
      ],
      "name": "CSV",
      "rowCount": 6,
    },
  ],
}
`;

exports[`SpreadsheetAnalyzer > SpreadsheetAnalyzer: analyzes file sample.csv (null} 1`] = `
{
  "columnCount": 5,
  "columns": [
    "ID",
    "Name",
    "Age",
    "Country",
    "Email",
  ],
  "hasFormulas": false,
  "rowCount": 6,
  "sheetCount": 1,
  "sheets": [
    {
      "columnCount": 5,
      "columns": [
        "ID",
        "Name",
        "Age",
        "Country",
        "Email",
      ],
      "name": "CSV",
      "rowCount": 6,
    },
  ],
}
`;

exports[`SpreadsheetAnalyzer > SpreadsheetAnalyzer: analyzes file sample.csv (text/csv) 1`] = `
{
  "columnCount": 5,
  "columns": [
    "ID",
    "Name",
    "Age",
    "Country",
    "Email",
  ],
  "hasFormulas": false,
  "rowCount": 6,
  "sheetCount": 1,
  "sheets": [
    {
      "columnCount": 5,
      "columns": [
        "ID",
        "Name",
        "Age",
        "Country",
        "Email",
      ],
      "name": "CSV",
      "rowCount": 6,
    },
  ],
}
`;

exports[`SpreadsheetAnalyzer > SpreadsheetAnalyzer: analyzes file sample.csv (undefined} 1`] = `
{
  "columnCount": 5,
  "columns": [
    "ID",
    "Name",
    "Age",
    "Country",
    "Email",
  ],
  "hasFormulas": false,
  "rowCount": 6,
  "sheetCount": 1,
  "sheets": [
    {
      "columnCount": 5,
      "columns": [
        "ID",
        "Name",
        "Age",
        "Country",
        "Email",
      ],
      "name": "CSV",
      "rowCount": 6,
    },
  ],
}
`;

exports[`SpreadsheetAnalyzer > SpreadsheetAnalyzer: analyzes file sample.csv 1`] = `
{
  "columnCount": 5,
  "columns": [
    "ID",
    "Name",
    "Age",
    "Country",
    "Email",
  ],
  "hasFormulas": false,
  "rowCount": 6,
  "sheetCount": 1,
  "sheets": [
    {
      "columnCount": 5,
      "columns": [
        "ID",
        "Name",
        "Age",
        "Country",
        "Email",
      ],
      "name": "CSV",
      "rowCount": 6,
    },
  ],
}
`;

exports[`SpreadsheetAnalyzer > SpreadsheetAnalyzer: analyzes file sample.ods (application/vnd.oasis.opendocument.spreadsheet) 1`] = `
{
  "columnCount": 0,
  "columns": [],
  "hasFormulas": false,
  "rowCount": 0,
  "sheetCount": 0,
  "sheets": [],
}
`;

exports[`SpreadsheetAnalyzer > SpreadsheetAnalyzer: analyzes file sample.xls (application/vnd.ms-excel) 1`] = `
{
  "columnCount": 1,
  "columns": [
    "This is a test",
  ],
  "hasFormulas": false,
  "rowCount": 2,
  "sheetCount": 2,
  "sheets": [
    {
      "columnCount": 1,
      "columns": [
        "This is a test",
      ],
      "name": "Sheet1",
      "rowCount": 1,
    },
    {
      "columnCount": 1,
      "columns": [
        "This is a test on sheet 2",
      ],
      "name": "Sheet2",
      "rowCount": 1,
    },
  ],
}
`;

exports[`SpreadsheetAnalyzer > SpreadsheetAnalyzer: analyzes file sample.xls (application/x-cfb} 1`] = `
{
  "columnCount": 1,
  "columns": [
    "This is a test",
  ],
  "hasFormulas": false,
  "rowCount": 2,
  "sheetCount": 2,
  "sheets": [
    {
      "columnCount": 1,
      "columns": [
        "This is a test",
      ],
      "name": "Sheet1",
      "rowCount": 1,
    },
    {
      "columnCount": 1,
      "columns": [
        "This is a test on sheet 2",
      ],
      "name": "Sheet2",
      "rowCount": 1,
    },
  ],
}
`;

exports[`SpreadsheetAnalyzer > SpreadsheetAnalyzer: analyzes file sample.xls (null) 1`] = `
{
  "columnCount": 1,
  "columns": [
    "This is a test",
  ],
  "hasFormulas": false,
  "rowCount": 2,
  "sheetCount": 2,
  "sheets": [
    {
      "columnCount": 1,
      "columns": [
        "This is a test",
      ],
      "name": "Sheet1",
      "rowCount": 1,
    },
    {
      "columnCount": 1,
      "columns": [
        "This is a test on sheet 2",
      ],
      "name": "Sheet2",
      "rowCount": 1,
    },
  ],
}
`;

exports[`SpreadsheetAnalyzer > SpreadsheetAnalyzer: analyzes file sample.xls (null} 1`] = `
{
  "columnCount": 1,
  "columns": [
    "This is a test",
  ],
  "hasFormulas": false,
  "rowCount": 2,
  "sheetCount": 2,
  "sheets": [
    {
      "columnCount": 1,
      "columns": [
        "This is a test",
      ],
      "name": "Sheet1",
      "rowCount": 1,
    },
    {
      "columnCount": 1,
      "columns": [
        "This is a test on sheet 2",
      ],
      "name": "Sheet2",
      "rowCount": 1,
    },
  ],
}
`;

exports[`SpreadsheetAnalyzer > SpreadsheetAnalyzer: analyzes file sample.xls 1`] = `
{
  "columnCount": 1,
  "columns": [
    "This is a test",
  ],
  "hasFormulas": false,
  "rowCount": 2,
  "sheetCount": 2,
  "sheets": [
    {
      "columnCount": 1,
      "columns": [
        "This is a test",
      ],
      "name": "Sheet1",
      "rowCount": 1,
    },
    {
      "columnCount": 1,
      "columns": [
        "This is a test on sheet 2",
      ],
      "name": "Sheet2",
      "rowCount": 1,
    },
  ],
}
`;

exports[`SpreadsheetAnalyzer > SpreadsheetAnalyzer: analyzes file sample.xlsx (application/vnd.openxmlformats-officedocument.spreadsheetml.sheet) 1`] = `
{
  "columnCount": 1,
  "columns": [
    "This is a test",
  ],
  "hasFormulas": false,
  "rowCount": 2,
  "sheetCount": 2,
  "sheets": [
    {
      "columnCount": 1,
      "columns": [
        "This is a test",
      ],
      "name": "Sheet1",
      "rowCount": 1,
    },
    {
      "columnCount": 1,
      "columns": [
        "This is a test on sheet 2",
      ],
      "name": "Sheet2",
      "rowCount": 1,
    },
  ],
}
`;

exports[`SpreadsheetAnalyzer > SpreadsheetAnalyzer: analyzes file sample.xlsx (application/vnd.openxmlformats-officedocument.spreadsheetml.sheet} 1`] = `
{
  "columnCount": 1,
  "columns": [
    "This is a test",
  ],
  "hasFormulas": false,
  "rowCount": 2,
  "sheetCount": 2,
  "sheets": [
    {
      "columnCount": 1,
      "columns": [
        "This is a test",
      ],
      "name": "Sheet1",
      "rowCount": 1,
    },
    {
      "columnCount": 1,
      "columns": [
        "This is a test on sheet 2",
      ],
      "name": "Sheet2",
      "rowCount": 1,
    },
  ],
}
`;

exports[`SpreadsheetAnalyzer > SpreadsheetAnalyzer: analyzes file sample.xlsx (application/x-cfb) 1`] = `
{
  "columnCount": 1,
  "columns": [
    "This is a test",
  ],
  "hasFormulas": false,
  "rowCount": 2,
  "sheetCount": 2,
  "sheets": [
    {
      "columnCount": 1,
      "columns": [
        "This is a test",
      ],
      "name": "Sheet1",
      "rowCount": 1,
    },
    {
      "columnCount": 1,
      "columns": [
        "This is a test on sheet 2",
      ],
      "name": "Sheet2",
      "rowCount": 1,
    },
  ],
}
`;

exports[`SpreadsheetAnalyzer > SpreadsheetAnalyzer: analyzes file sample.xlsx 1`] = `
{
  "columnCount": 1,
  "columns": [
    "This is a test",
  ],
  "hasFormulas": false,
  "rowCount": 2,
  "sheetCount": 2,
  "sheets": [
    {
      "columnCount": 1,
      "columns": [
        "This is a test",
      ],
      "name": "Sheet1",
      "rowCount": 1,
    },
    {
      "columnCount": 1,
      "columns": [
        "This is a test on sheet 2",
      ],
      "name": "Sheet2",
      "rowCount": 1,
    },
  ],
}
`;
