// Vitest Snapshot v1, https://vitest.dev/guide/snapshot.html

exports[`Directory analysis > analyzes images directory (non-recursive) and snapshots specific metadata list 1`] = `
[
  {
    "extension": "gif",
    "filename": "animated.gif",
    "mimeType": "image/gif",
    "specific": {
      "aspectRatio": "79:80",
      "bitDepth": NaN,
      "colorSpace": "srgb",
      "format": "GIF",
      "hasAlpha": false,
      "height": 80,
      "resolution": "79x80",
      "width": 79,
    },
  },
  {
    "extension": "svg",
    "filename": "image.svg",
    "mimeType": "image/svg+xml",
    "specific": {
      "aspectRatio": "1:1",
      "bitDepth": NaN,
      "colorSpace": "srgb",
      "format": "SVG",
      "hasAlpha": true,
      "height": 600,
      "resolution": "600x600",
      "width": 600,
    },
  },
  {
    "extension": "jpg",
    "filename": "progressive.jpg",
    "mimeType": "image/jpeg",
    "specific": {
      "aspectRatio": "341:486",
      "bitDepth": NaN,
      "colorSpace": "srgb",
      "format": "JPEG",
      "hasAlpha": false,
      "height": 486,
      "resolution": "341x486",
      "width": 341,
    },
  },
  {
    "extension": "gif",
    "filename": "sample.gif",
    "mimeType": "image/gif",
    "specific": {
      "aspectRatio": "1:1",
      "bitDepth": NaN,
      "colorSpace": "srgb",
      "format": "GIF",
      "hasAlpha": false,
      "height": 250,
      "resolution": "250x250",
      "width": 250,
    },
  },
  {
    "extension": "jpg",
    "filename": "sample.jpg",
    "mimeType": "image/jpeg",
    "specific": {
      "aspectRatio": "218:271",
      "bitDepth": NaN,
      "colorSpace": "srgb",
      "format": "JPEG",
      "hasAlpha": false,
      "height": 271,
      "resolution": "218x271",
      "width": 218,
    },
  },
  {
    "extension": "png",
    "filename": "sample.png",
    "mimeType": "image/png",
    "specific": {
      "aspectRatio": "4:3",
      "bitDepth": NaN,
      "colorSpace": "srgb",
      "format": "PNG",
      "hasAlpha": true,
      "height": 150,
      "resolution": "200x150",
      "width": 200,
    },
  },
  {
    "extension": "tiff",
    "filename": "sample.tiff",
    "mimeType": "image/tiff",
    "specific": {
      "aspectRatio": "199:47",
      "bitDepth": NaN,
      "colorSpace": "srgb",
      "format": "TIFF",
      "hasAlpha": true,
      "height": 47,
      "resolution": "199x47",
      "width": 199,
    },
  },
  {
    "extension": "webp",
    "filename": "sample.webp",
    "mimeType": "image/webp",
    "specific": {
      "aspectRatio": "275:184",
      "bitDepth": NaN,
      "colorSpace": "srgb",
      "format": "WEBP",
      "hasAlpha": false,
      "height": 368,
      "resolution": "550x368",
      "width": 550,
    },
  },
]
`;

exports[`Directory analysis > analyzes text directory and snapshots metadata list 1`] = `
[
  {
    "extension": "dat",
    "filename": "sample.dat",
    "mimeType": null,
    "specific": {
      "characterCount": 71,
      "characterCountNoSpaces": 56,
      "hasImages": false,
      "hasTables": false,
      "lineCount": 3,
      "pageCount": undefined,
      "paragraphCount": undefined,
      "wordCount": 16,
    },
  },
  {
    "extension": "json",
    "filename": "sample.json",
    "mimeType": null,
    "specific": {
      "characterCount": 487,
      "characterCountNoSpaces": 296,
      "hasImages": false,
      "hasTables": false,
      "lineCount": 33,
      "pageCount": undefined,
      "paragraphCount": undefined,
      "wordCount": 47,
    },
  },
  {
    "extension": "txt",
    "filename": "sample.txt",
    "mimeType": null,
    "specific": {
      "characterCount": 42,
      "characterCountNoSpaces": 33,
      "hasImages": false,
      "hasTables": false,
      "lineCount": 2,
      "pageCount": undefined,
      "paragraphCount": undefined,
      "wordCount": 10,
    },
  },
  {
    "extension": "xml",
    "filename": "sample.xml",
    "mimeType": "application/xml",
    "specific": {
      "characterCount": 4430,
      "encoding": "utf-8",
      "isEmpty": false,
      "lineCount": 120,
      "text": undefined,
      "wordCount": 336,
    },
  },
  {
    "extension": "xsd",
    "filename": "sample.xsd",
    "mimeType": null,
    "specific": {
      "characterCount": 913,
      "characterCountNoSpaces": 621,
      "hasImages": false,
      "hasTables": false,
      "lineCount": 23,
      "pageCount": undefined,
      "paragraphCount": undefined,
      "wordCount": 40,
    },
  },
]
`;
